---
source: syntax/parser/basic.rs
expression: res.node
---
NODE_ROOT@0..110
  NODE_SERVER@0..75
    NODE_PROLOGUE@0..16
      TOKEN_DOC_COMMENT@0..15 "/// doc comment"
      TOKEN_EOL@15..16 "\n"
    TOKEN_IDENTIFIER@16..22 "server"
    TOKEN_COLON@22..23 ":"
    TOKEN_SPACE@23..24 " "
    NODE_OBJECT@24..74
      TOKEN_CURLY_LEFT@24..25 "{"
      TOKEN_EOL@25..26 "\n"
      TOKEN_SPACE@26..30 "    "
      NODE_OBJECT_FIELD@30..43
        NODE_NAME@30..34
          TOKEN_IDENTIFIER@30..34 "name"
        TOKEN_COLON@34..35 ":"
        TOKEN_SPACE@35..36 " "
        NODE_ERROR@36..42
          TOKEN_IDENTIFIER@36..42 "foobar"
        TOKEN_EOL@42..43 "\n"
      TOKEN_SPACE@43..47 "    "
      NODE_ERROR@47..57
        TOKEN_INTEGER@47..50 "123"
        TOKEN_COLON@50..51 ":"
        TOKEN_SPACE@51..52 " "
        TOKEN_STRING@52..57 "\"bar\""
      TOKEN_EOL@57..58 "\n"
      TOKEN_SPACE@58..62 "    "
      NODE_OBJECT_FIELD@62..73
        NODE_NAME@62..65
          TOKEN_IDENTIFIER@62..65 "url"
        TOKEN_COLON@65..66 ":"
        TOKEN_SPACE@66..67 " "
        NODE_VALUE_STRING@67..72
          TOKEN_STRING@67..72 "\"baz\""
        TOKEN_EOL@72..73 "\n"
      TOKEN_CURLY_RIGHT@73..74 "}"
    TOKEN_EOL@74..75 "\n"
  TOKEN_EOL@75..76 "\n"
  NODE_SERVER@76..110
    TOKEN_IDENTIFIER@76..82 "server"
    TOKEN_COLON@82..83 ":"
    TOKEN_SPACE@83..84 " "
    NODE_OBJECT@84..110
      TOKEN_CURLY_LEFT@84..85 "{"
      TOKEN_EOL@85..86 "\n"
      TOKEN_SPACE@86..90 "    "
      NODE_OBJECT_FIELD@90..110
        NODE_NAME@90..95
          TOKEN_IDENTIFIER@90..95 "field"
        TOKEN_COLON@95..96 ":"
        TOKEN_SPACE@96..97 " "
        NODE_VALUE_STRING@97..109
          TOKEN_STRING@97..109 "\"unfinished\""
        TOKEN_EOL@109..110 "\n"
