---
source: syntax/parser/types.rs
expression: diagnostics
---
[
    Report {
        severity: Error,
        title: "unexpected `@default`",
        label: Some(
            Label {
                message: "unexpected `@default`",
                span: Span {
                    start: 78,
                    end: 107,
                },
            },
        ),
        note: None,
    },
    Report {
        severity: Error,
        title: "expected `(`, found `string`",
        label: Some(
            Label {
                message: "unexpected token",
                span: Span {
                    start: 156,
                    end: 162,
                },
            },
        ),
        note: None,
    },
    Report {
        severity: Error,
        title: "expected `)`, found `{`",
        label: Some(
            Label {
                message: "unexpected token",
                span: Span {
                    start: 163,
                    end: 164,
                },
            },
        ),
        note: None,
    },
    Report {
        severity: Error,
        title: "expected new line, found a string",
        label: Some(
            Label {
                message: "unexpected token",
                span: Span {
                    start: 170,
                    end: 175,
                },
            },
        ),
        note: None,
    },
    Report {
        severity: Error,
        title: "expected new line, found `}`",
        label: Some(
            Label {
                message: "unexpected token",
                span: Span {
                    start: 175,
                    end: 176,
                },
            },
        ),
        note: None,
    },
]
