---
source: syntax/parser/endpoint.rs
expression: res.node
---
NODE_ROOT@0..299
  NODE_ENDPOINT@0..299
    NODE_PROLOGUE@0..21
      TOKEN_DOC_COMMENT@0..20 "/// Greet the caller"
      TOKEN_EOL@20..21 "\n"
    NODE_ENDPOINT_METHOD@21..24
      TOKEN_KW_GET@21..24 "GET"
    TOKEN_SPACE@24..25 " "
    NODE_PATH@25..33
      TOKEN_STRING@25..33 "\"/hello\""
    TOKEN_SPACE@33..34 " "
    TOKEN_CURLY_LEFT@34..35 "{"
    TOKEN_EOL@35..36 "\n"
    TOKEN_SPACE@36..40 "    "
    TOKEN_IDENTIFIER@40..44 "name"
    TOKEN_COLON@44..45 ":"
    TOKEN_SPACE@45..46 " "
    NODE_NAME@46..53
      TOKEN_STRING@46..53 "\"hello\""
    TOKEN_EOL@53..54 "\n"
    TOKEN_EOL@54..55 "\n"
    TOKEN_SPACE@55..59 "    "
    NODE_ENDPOINT_QUERY@59..166
      TOKEN_IDENTIFIER@59..64 "query"
      TOKEN_COLON@64..65 ":"
      TOKEN_SPACE@65..66 " "
      NODE_TYPE_RECORD@66..165
        TOKEN_CURLY_LEFT@66..67 "{"
        TOKEN_EOL@67..68 "\n"
        TOKEN_SPACE@68..76 "        "
        NODE_TYPE_FIELD@76..160
          NODE_PROLOGUE@76..146
            TOKEN_DOC_COMMENT@76..111 "/// Name that endpoin ..."
            TOKEN_EOL@111..112 "\n"
            TOKEN_SPACE@112..120 "        "
            NODE_DEFAULT@120..138
              TOKEN_DECORATOR_DEFAULT@120..128 "@default"
              TOKEN_PAREN_LEFT@128..129 "("
              NODE_VALUE_STRING@129..136
                TOKEN_STRING@129..136 "\"World\""
              TOKEN_PAREN_RIGHT@136..137 ")"
              TOKEN_EOL@137..138 "\n"
            TOKEN_SPACE@138..146 "        "
          NODE_NAME@146..150
            TOKEN_IDENTIFIER@146..150 "name"
          TOKEN_COLON@150..151 ":"
          TOKEN_SPACE@151..152 " "
          NODE_TYPE_STRING@152..158
            TOKEN_KW_STRING@152..158 "string"
          TOKEN_SPACE@158..159 " "
          TOKEN_EOL@159..160 "\n"
        TOKEN_SPACE@160..164 "    "
        TOKEN_CURLY_RIGHT@164..165 "}"
      TOKEN_EOL@165..166 "\n"
    TOKEN_EOL@166..167 "\n"
    TOKEN_SPACE@167..171 "    "
    NODE_ENDPOINT_PATH@171..187
      TOKEN_IDENTIFIER@171..175 "path"
      TOKEN_COLON@175..176 ":"
      TOKEN_SPACE@176..177 " "
      NODE_TYPE_REF@177..186
        TOKEN_IDENTIFIER@177..186 "HelloPath"
      TOKEN_EOL@186..187 "\n"
    TOKEN_EOL@187..188 "\n"
    TOKEN_SPACE@188..192 "    "
    NODE_RESPONSE@192..266
      NODE_PROLOGUE@192..221
        TOKEN_DOC_COMMENT@192..216 "/// Successfull greeting"
        TOKEN_EOL@216..217 "\n"
        TOKEN_SPACE@217..221 "    "
      TOKEN_KW_ON@221..223 "on"
      TOKEN_SPACE@223..224 " "
      NODE_RESPONSE_STATUS@224..227
        TOKEN_INTEGER@224..227 "200"
      TOKEN_COLON@227..228 ":"
      TOKEN_SPACE@228..229 " "
      NODE_TYPE_RECORD@229..265
        TOKEN_KW_REC@229..232 "rec"
        TOKEN_SPACE@232..233 " "
        TOKEN_CURLY_LEFT@233..234 "{"
        TOKEN_EOL@234..235 "\n"
        TOKEN_SPACE@235..243 "        "
        NODE_TYPE_FIELD@243..260
          NODE_NAME@243..251
            TOKEN_IDENTIFIER@243..251 "greeting"
          TOKEN_COLON@251..252 ":"
          TOKEN_SPACE@252..253 " "
          NODE_TYPE_STRING@253..259
            TOKEN_KW_STRING@253..259 "string"
          TOKEN_EOL@259..260 "\n"
        TOKEN_SPACE@260..264 "    "
        TOKEN_CURLY_RIGHT@264..265 "}"
      TOKEN_EOL@265..266 "\n"
    TOKEN_EOL@266..267 "\n"
    TOKEN_SPACE@267..271 "    "
    NODE_RESPONSE@271..297
      TOKEN_KW_ON@271..273 "on"
      TOKEN_SPACE@273..274 " "
      NODE_RESPONSE_STATUS@274..281
        TOKEN_KW_DEFAULT@274..281 "default"
      TOKEN_COLON@281..282 ":"
      TOKEN_SPACE@282..283 " "
      NODE_TYPE_REF@283..296
        TOKEN_IDENTIFIER@283..296 "ErrorResponse"
      TOKEN_EOL@296..297 "\n"
    TOKEN_CURLY_RIGHT@297..298 "}"
    TOKEN_EOL@298..299 "\n"
