---
source: syntax/parser/security.rs
expression: res.node
---
NODE_ROOT@0..304
  NODE_SECURITY@0..131
    NODE_PROLOGUE@0..32
      TOKEN_DOC_COMMENT@0..31 "/// Bearer token auth ..."
      TOKEN_EOL@31..32 "\n"
    TOKEN_KW_SECURITY@32..40 "security"
    TOKEN_SPACE@40..41 " "
    NODE_NAME@41..51
      TOKEN_IDENTIFIER@41..51 "HttpBearer"
    TOKEN_COLON@51..52 ":"
    TOKEN_SPACE@52..53 " "
    TOKEN_CURLY_LEFT@53..54 "{"
    TOKEN_EOL@54..55 "\n"
    TOKEN_SPACE@55..59 "    "
    NODE_SECURITY_KIND@59..72
      TOKEN_IDENTIFIER@59..63 "kind"
      TOKEN_COLON@63..64 ":"
      TOKEN_SPACE@64..65 " "
      NODE_VALUE_STRING@65..71
        TOKEN_STRING@65..71 "\"http\""
      TOKEN_EOL@71..72 "\n"
    TOKEN_SPACE@72..76 "    "
    NODE_SECURITY_SCHEME@76..93
      TOKEN_IDENTIFIER@76..82 "scheme"
      TOKEN_COLON@82..83 ":"
      TOKEN_SPACE@83..84 " "
      NODE_VALUE_STRING@84..92
        TOKEN_STRING@84..92 "\"bearer\""
      TOKEN_EOL@92..93 "\n"
    TOKEN_SPACE@93..97 "    "
    NODE_SECURITY_UNAUTHORIZED@97..129
      TOKEN_IDENTIFIER@97..109 "unauthorized"
      TOKEN_COLON@109..110 ":"
      TOKEN_SPACE@110..111 " "
      NODE_TYPE_REF@111..128
        TOKEN_IDENTIFIER@111..128 "UnauthorizedError"
      TOKEN_EOL@128..129 "\n"
    TOKEN_CURLY_RIGHT@129..130 "}"
    TOKEN_EOL@130..131 "\n"
  TOKEN_EOL@131..132 "\n"
  NODE_SECURITY@132..284
    TOKEN_KW_SECURITY@132..140 "security"
    TOKEN_SPACE@140..141 " "
    NODE_NAME@141..147
      TOKEN_IDENTIFIER@141..147 "ApiKey"
    TOKEN_COLON@147..148 ":"
    TOKEN_SPACE@148..149 " "
    TOKEN_CURLY_LEFT@149..150 "{"
    TOKEN_EOL@150..151 "\n"
    TOKEN_SPACE@151..155 "    "
    NODE_SECURITY_KIND@155..171
      TOKEN_IDENTIFIER@155..159 "kind"
      TOKEN_COLON@159..160 ":"
      TOKEN_SPACE@160..161 " "
      NODE_VALUE_STRING@161..170
        TOKEN_STRING@161..170 "\"api_key\""
      TOKEN_EOL@170..171 "\n"
    TOKEN_SPACE@171..175 "    "
    NODE_SECURITY_HEADER@175..195
      TOKEN_IDENTIFIER@175..181 "header"
      TOKEN_COLON@181..182 ":"
      TOKEN_SPACE@182..183 " "
      NODE_VALUE_STRING@183..194
        TOKEN_STRING@183..194 "\"X-API-KEY\""
      TOKEN_EOL@194..195 "\n"
    TOKEN_SPACE@195..199 "    "
    NODE_SECURITY_QUERY@199..216
      TOKEN_IDENTIFIER@199..204 "query"
      TOKEN_COLON@204..205 ":"
      TOKEN_SPACE@205..206 " "
      NODE_VALUE_STRING@206..215
        TOKEN_STRING@206..215 "\"api_key\""
      TOKEN_EOL@215..216 "\n"
    TOKEN_SPACE@216..220 "    "
    NODE_SECURITY_UNAUTHORIZED@220..252
      TOKEN_IDENTIFIER@220..232 "unauthorized"
      TOKEN_COLON@232..233 ":"
      TOKEN_SPACE@233..234 " "
      NODE_TYPE_REF@234..251
        TOKEN_IDENTIFIER@234..251 "UnauthorizedError"
      TOKEN_EOL@251..252 "\n"
    TOKEN_SPACE@252..256 "    "
    NODE_SECURITY_FORBIDDEN@256..282
      TOKEN_IDENTIFIER@256..265 "forbidden"
      TOKEN_COLON@265..266 ":"
      TOKEN_SPACE@266..267 " "
      NODE_TYPE_REF@267..281
        TOKEN_IDENTIFIER@267..281 "ForbiddenError"
      TOKEN_EOL@281..282 "\n"
    TOKEN_CURLY_RIGHT@282..283 "}"
    TOKEN_EOL@283..284 "\n"
  TOKEN_EOL@284..285 "\n"
  NODE_SECURITY@285..304
    TOKEN_KW_SECURITY@285..293 "security"
    TOKEN_SPACE@293..294 " "
    NODE_NAME@294..299
      TOKEN_IDENTIFIER@294..299 "Empty"
    TOKEN_COLON@299..300 ":"
    TOKEN_SPACE@300..301 " "
    TOKEN_CURLY_LEFT@301..302 "{"
    TOKEN_CURLY_RIGHT@302..303 "}"
    TOKEN_EOL@303..304 "\n"
