---
source: syntax/parser/endpoint.rs
expression: tree
---
NODE_ROOT@0..276
  TOKEN_DOC_COMMENT@0..26 "/// This should be ig ..."
  TOKEN_EOL@26..27 "\n"
  NODE_ROUTE@27..276
    TOKEN_KW_ROUTE@27..32 "route"
    TOKEN_SPACE@32..33 " "
    NODE_PATH@33..41
      TOKEN_STRING@33..41 "\"/hello\""
    TOKEN_SPACE@41..42 " "
    TOKEN_CURLY_LEFT@42..43 "{"
    TOKEN_EOL@43..44 "\n"
    TOKEN_SPACE@44..48 "    "
    NODE_ENDPOINT@48..202
      NODE_PROLOGUE@48..73
        TOKEN_DOC_COMMENT@48..68 "/// Greet the caller"
        TOKEN_EOL@68..69 "\n"
        TOKEN_SPACE@69..73 "    "
      NODE_ENDPOINT_METHOD@73..76
        TOKEN_KW_GET@73..76 "GET"
      TOKEN_SPACE@76..77 " "
      TOKEN_CURLY_LEFT@77..78 "{"
      TOKEN_EOL@78..79 "\n"
      TOKEN_SPACE@79..87 "        "
      NODE_NAME@87..101
        TOKEN_IDENTIFIER@87..91 "name"
        TOKEN_COLON@91..92 ":"
        TOKEN_SPACE@92..93 " "
        NODE_VALUE@93..100
          TOKEN_STRING@93..100 "\"hello\""
        TOKEN_EOL@100..101 "\n"
      TOKEN_EOL@101..102 "\n"
      TOKEN_SPACE@102..110 "        "
      NODE_ENDPOINT_RESPONSE@110..196
        NODE_PROLOGUE@110..143
          TOKEN_DOC_COMMENT@110..134 "/// Successfull greeting"
          TOKEN_EOL@134..135 "\n"
          TOKEN_SPACE@135..143 "        "
        TOKEN_KW_ON@143..145 "on"
        TOKEN_SPACE@145..146 " "
        NODE_ENDPOINT_RESPONSE_STATUS@146..149
          TOKEN_INTEGER@146..149 "200"
        TOKEN_COLON@149..150 ":"
        TOKEN_SPACE@150..151 " "
        NODE_TYPE@151..195
          NODE_TYPE_RECORD@151..195
            TOKEN_KW_REC@151..154 "rec"
            TOKEN_SPACE@154..155 " "
            TOKEN_CURLY_LEFT@155..156 "{"
            TOKEN_EOL@156..157 "\n"
            TOKEN_SPACE@157..169 "            "
            NODE_TYPE_FIELD@169..186
              NODE_NAME@169..177
                TOKEN_IDENTIFIER@169..177 "greeting"
              TOKEN_COLON@177..178 ":"
              TOKEN_SPACE@178..179 " "
              NODE_TYPE@179..185
                TOKEN_KW_STRING@179..185 "string"
              TOKEN_EOL@185..186 "\n"
            TOKEN_SPACE@186..194 "        "
            TOKEN_CURLY_RIGHT@194..195 "}"
        TOKEN_EOL@195..196 "\n"
      TOKEN_SPACE@196..200 "    "
      TOKEN_CURLY_RIGHT@200..201 "}"
      TOKEN_EOL@201..202 "\n"
    TOKEN_EOL@202..203 "\n"
    TOKEN_SPACE@203..207 "    "
    NODE_ENDPOINT@207..274
      NODE_PROLOGUE@207..235
        TOKEN_DOC_COMMENT@207..230 "/// Revoke the greeting"
        TOKEN_EOL@230..231 "\n"
        TOKEN_SPACE@231..235 "    "
      NODE_ENDPOINT_METHOD@235..241
        TOKEN_KW_DELETE@235..241 "DELETE"
      TOKEN_SPACE@241..242 " "
      TOKEN_CURLY_LEFT@242..243 "{"
      TOKEN_EOL@243..244 "\n"
      TOKEN_SPACE@244..252 "        "
      NODE_NAME@252..268
        TOKEN_IDENTIFIER@252..256 "name"
        TOKEN_COLON@256..257 ":"
        TOKEN_SPACE@257..258 " "
        NODE_VALUE@258..267
          TOKEN_STRING@258..267 "\"goodbye\""
        TOKEN_EOL@267..268 "\n"
      TOKEN_SPACE@268..272 "    "
      TOKEN_CURLY_RIGHT@272..273 "}"
      TOKEN_EOL@273..274 "\n"
    TOKEN_CURLY_RIGHT@274..275 "}"
    TOKEN_EOL@275..276 "\n"
