---
source: syntax/parser/types.rs
expression: res.reports
---
[
    Report {
        severity: Error,
        title: "invalid response field `invalidField`",
        labels: [
            Label {
                style: Primary,
                message: "invalid response field",
                span: Span {
                    start: 260,
                    end: 272,
                },
            },
        ],
        note: Some(
            "help: valid response fields are `body`, `contentType` and `headers`",
        ),
    },
]
