---
source: syntax/parser/types.rs
expression: tree
---
NODE_ROOT@0..132
  NODE_TYPE_DEF@0..47
    TOKEN_KW_TYPE@0..4 "type"
    TOKEN_SPACE@4..5 " "
    NODE_NAME@5..8
      TOKEN_IDENTIFIER@5..8 "Foo"
    TOKEN_COLON@8..9 ":"
    TOKEN_SPACE@9..10 " "
    NODE_TYPE@10..46
      NODE_TYPE_ENUM@10..46
        TOKEN_KW_ENUM@10..14 "enum"
        TOKEN_PAREN_LEFT@14..15 "("
        NODE_TYPE@15..21
          TOKEN_KW_STRING@15..21 "string"
        TOKEN_PAREN_RIGHT@21..22 ")"
        TOKEN_SPACE@22..23 " "
        TOKEN_CURLY_LEFT@23..24 "{"
        TOKEN_EOL@24..25 "\n"
        TOKEN_SPACE@25..29 "    "
        NODE_VALUE@29..34
          TOKEN_STRING@29..34 "\"foo\""
        TOKEN_EOL@34..35 "\n"
        TOKEN_SPACE@35..39 "    "
        NODE_VALUE@39..44
          TOKEN_STRING@39..44 "\"bar\""
        TOKEN_EOL@44..45 "\n"
        TOKEN_CURLY_RIGHT@45..46 "}"
    TOKEN_EOL@46..47 "\n"
  TOKEN_EOL@47..48 "\n"
  TOKEN_COMMENT@48..68 "// Very invalid enum"
  TOKEN_EOL@68..69 "\n"
  NODE_TYPE_DEF@69..105
    TOKEN_KW_TYPE@69..73 "type"
    TOKEN_SPACE@73..74 " "
    NODE_NAME@74..77
      TOKEN_IDENTIFIER@74..77 "Bar"
    TOKEN_COLON@77..78 ":"
    TOKEN_SPACE@78..79 " "
    NODE_TYPE@79..104
      NODE_TYPE_ENUM@79..104
        TOKEN_KW_ENUM@79..83 "enum"
        TOKEN_SPACE@83..84 " "
        NODE_TYPE@84..91
          TOKEN_KW_STRING@84..90 "string"
          TOKEN_SPACE@90..91 " "
        TOKEN_CURLY_LEFT@91..92 "{"
        NODE_VALUE@92..97
          TOKEN_STRING@92..97 "\"foo\""
        TOKEN_SPACE@97..98 " "
        NODE_VALUE@98..103
          TOKEN_STRING@98..103 "\"bar\""
        TOKEN_CURLY_RIGHT@103..104 "}"
    TOKEN_EOL@104..105 "\n"
  TOKEN_COMMENT@105..131 "// Should parse corre ..."
  TOKEN_EOL@131..132 "\n"
