---
source: syntax/parser/values.rs
expression: res.node
---
NODE_ROOT@0..58
  NODE_API_NAME@0..12
    TOKEN_IDENTIFIER@0..4 "name"
    TOKEN_COLON@4..5 ":"
    TOKEN_SPACE@5..6 " "
    NODE_VALUE_BOOL@6..11
      TOKEN_KW_FALSE@6..11 "false"
    TOKEN_EOL@11..12 "\n"
  NODE_API_NAME@12..23
    TOKEN_IDENTIFIER@12..16 "name"
    TOKEN_COLON@16..17 ":"
    TOKEN_SPACE@17..18 " "
    NODE_VALUE_BOOL@18..22
      TOKEN_KW_TRUE@18..22 "true"
    TOKEN_EOL@22..23 "\n"
  NODE_API_NAME@23..38
    TOKEN_IDENTIFIER@23..27 "name"
    TOKEN_COLON@27..28 ":"
    TOKEN_SPACE@28..29 " "
    NODE_VALUE_STRING@29..37
      TOKEN_STRING@29..37 "\"string\""
    TOKEN_EOL@37..38 "\n"
  NODE_API_NAME@38..47
    TOKEN_IDENTIFIER@38..42 "name"
    TOKEN_COLON@42..43 ":"
    TOKEN_SPACE@43..44 " "
    NODE_VALUE_INTEGER@44..46
      TOKEN_INTEGER@44..46 "69"
    TOKEN_EOL@46..47 "\n"
  NODE_API_NAME@47..58
    TOKEN_IDENTIFIER@47..51 "name"
    TOKEN_COLON@51..52 ":"
    TOKEN_SPACE@52..53 " "
    NODE_VALUE_FLOAT@53..57
      TOKEN_FLOAT@53..57 "4.20"
    TOKEN_EOL@57..58 "\n"
