---
source: syntax/parser/types.rs
expression: res.reports
---
[
    Report {
        severity: Error,
        title: "expected field name, found end of file",
        label: Some(
            Label {
                message: "expected field name",
                span: Span {
                    start: 308,
                    end: 309,
                },
            },
        ),
        note: None,
    },
    Report {
        severity: Error,
        title: "expected new line, found end of file",
        label: Some(
            Label {
                message: "unexpected token",
                span: Span {
                    start: 308,
                    end: 309,
                },
            },
        ),
        note: None,
    },
]
