---
source: syntax/parser/types.rs
expression: res.node
---
NODE_ROOT@0..270
  NODE_TYPE_DEF@0..125
    TOKEN_KW_TYPE@0..4 "type"
    TOKEN_SPACE@4..5 " "
    NODE_NAME@5..8
      TOKEN_IDENTIFIER@5..8 "Foo"
    TOKEN_COLON@8..9 ":"
    TOKEN_SPACE@9..10 " "
    NODE_TYPE_UNION@10..124
      TOKEN_KW_UNION@10..15 "union"
      TOKEN_PAREN_LEFT@15..16 "("
      NODE_VALUE_STRING@16..22
        TOKEN_STRING@16..22 "\"type\""
      TOKEN_PAREN_RIGHT@22..23 ")"
      TOKEN_SPACE@23..24 " "
      TOKEN_CURLY_LEFT@24..25 "{"
      TOKEN_EOL@25..26 "\n"
      TOKEN_SPACE@26..30 "    "
      NODE_TYPE_FIELD@30..39
        NODE_NAME@30..33
          TOKEN_IDENTIFIER@30..33 "bar"
        TOKEN_COLON@33..34 ":"
        TOKEN_SPACE@34..35 " "
        NODE_TYPE_REF@35..38
          TOKEN_IDENTIFIER@35..38 "Bar"
        TOKEN_EOL@38..39 "\n"
      TOKEN_SPACE@39..43 "    "
      NODE_TYPE_FIELD@43..58
        NODE_NAME@43..52
          TOKEN_STRING@43..52 "\"baz str\""
        TOKEN_COLON@52..53 ":"
        TOKEN_SPACE@53..54 " "
        NODE_TYPE_REF@54..57
          TOKEN_IDENTIFIER@54..57 "Baz"
        TOKEN_EOL@57..58 "\n"
      TOKEN_SPACE@58..62 "    "
      TOKEN_EOL@62..63 "\n"
      TOKEN_SPACE@63..67 "    "
      NODE_TYPE_FIELD@67..123
        NODE_PROLOGUE@67..97
          NODE_DEFAULT@67..93
            TOKEN_DECORATOR_DEFAULT@67..75 "@default"
            TOKEN_PAREN_LEFT@75..76 "("
            NODE_VALUE_STRING@76..91
              TOKEN_STRING@76..91 "\"invalid usage\""
            TOKEN_PAREN_RIGHT@91..92 ")"
            TOKEN_EOL@92..93 "\n"
          TOKEN_SPACE@93..97 "    "
        NODE_NAME@97..114
          TOKEN_IDENTIFIER@97..114 "forbidden_default"
        TOKEN_COLON@114..115 ":"
        TOKEN_SPACE@115..116 " "
        NODE_TYPE_REF@116..122
          TOKEN_IDENTIFIER@116..122 "Kaboom"
        TOKEN_EOL@122..123 "\n"
      TOKEN_CURLY_RIGHT@123..124 "}"
    TOKEN_EOL@124..125 "\n"
  TOKEN_EOL@125..126 "\n"
  TOKEN_COMMENT@126..147 "// Very invalid union"
  TOKEN_EOL@147..148 "\n"
  NODE_TYPE_DEF@148..182
    TOKEN_KW_TYPE@148..152 "type"
    TOKEN_SPACE@152..153 " "
    NODE_NAME@153..156
      TOKEN_IDENTIFIER@153..156 "Bar"
    TOKEN_COLON@156..157 ":"
    TOKEN_SPACE@157..158 " "
    NODE_TYPE_UNION@158..181
      TOKEN_KW_UNION@158..163 "union"
      TOKEN_SPACE@163..164 " "
      NODE_VALUE_STRING@164..170
        TOKEN_STRING@164..170 "\"type\""
      TOKEN_SPACE@170..171 " "
      TOKEN_CURLY_LEFT@171..172 "{"
      NODE_TYPE_FIELD@172..180
        NODE_NAME@172..175
          TOKEN_IDENTIFIER@172..175 "bar"
        TOKEN_COLON@175..176 ":"
        TOKEN_SPACE@176..177 " "
        NODE_TYPE_REF@177..180
          TOKEN_IDENTIFIER@177..180 "Bar"
      TOKEN_CURLY_RIGHT@180..181 "}"
    TOKEN_EOL@181..182 "\n"
  TOKEN_COMMENT@182..208 "// Should parse corre ..."
  TOKEN_EOL@208..209 "\n"
  TOKEN_EOL@209..210 "\n"
  NODE_TYPE_DEF@210..239
    TOKEN_KW_TYPE@210..214 "type"
    TOKEN_SPACE@214..215 " "
    NODE_NAME@215..220
      TOKEN_IDENTIFIER@215..220 "Empty"
    TOKEN_COLON@220..221 ":"
    TOKEN_SPACE@221..222 " "
    NODE_TYPE_UNION@222..238
      TOKEN_KW_UNION@222..227 "union"
      TOKEN_PAREN_LEFT@227..228 "("
      NODE_VALUE_STRING@228..234
        TOKEN_STRING@228..234 "\"type\""
      TOKEN_PAREN_RIGHT@234..235 ")"
      TOKEN_SPACE@235..236 " "
      TOKEN_CURLY_LEFT@236..237 "{"
      TOKEN_CURLY_RIGHT@237..238 "}"
    TOKEN_EOL@238..239 "\n"
  NODE_TYPE_DEF@239..270
    TOKEN_KW_TYPE@239..243 "type"
    TOKEN_SPACE@243..244 " "
    NODE_NAME@244..249
      TOKEN_IDENTIFIER@244..249 "Empty"
    TOKEN_COLON@249..250 ":"
    TOKEN_SPACE@250..251 " "
    NODE_TYPE_UNION@251..269
      TOKEN_KW_UNION@251..256 "union"
      TOKEN_PAREN_LEFT@256..257 "("
      NODE_VALUE_STRING@257..263
        TOKEN_STRING@257..263 "\"type\""
      TOKEN_PAREN_RIGHT@263..264 ")"
      TOKEN_SPACE@264..265 " "
      TOKEN_CURLY_LEFT@265..266 "{"
      TOKEN_EOL@266..267 "\n"
      TOKEN_EOL@267..268 "\n"
      TOKEN_CURLY_RIGHT@268..269 "}"
    TOKEN_EOL@269..270 "\n"
