---
source: syntax/parser/mod.rs
expression: res.reports
---
[
    Report {
        severity: Error,
        title: "unexpected token an unknown token",
        labels: [
            Label {
                style: Primary,
                message: "unexpected token",
                span: Span {
                    start: 0,
                    end: 1,
                },
            },
        ],
        note: None,
    },
]
