---
source: syntax/parser/types.rs
expression: tree
---
NODE_ROOT@0..268
  NODE_TYPE_DEF@0..234
    TOKEN_KW_TYPE@0..4 "type"
    TOKEN_SPACE@4..5 " "
    NODE_NAME@5..8
      TOKEN_IDENTIFIER@5..8 "Foo"
    TOKEN_COLON@8..9 ":"
    TOKEN_SPACE@9..10 " "
    NODE_TYPE@10..233
      NODE_TYPE_RECORD@10..233
        TOKEN_KW_REC@10..13 "rec"
        TOKEN_SPACE@13..14 " "
        TOKEN_CURLY_LEFT@14..15 "{"
        TOKEN_EOL@15..16 "\n"
        TOKEN_SPACE@16..20 "    "
        TOKEN_COMMENT@20..30 "// comment"
        TOKEN_EOL@30..31 "\n"
        TOKEN_SPACE@31..35 "    "
        NODE_TYPE_FIELD@35..65
          NODE_PROLOGUE@35..55
            TOKEN_DOC_COMMENT@35..50 "/// doc comment"
            TOKEN_EOL@50..51 "\n"
            TOKEN_SPACE@51..55 "    "
          NODE_NAME@55..58
            TOKEN_IDENTIFIER@55..58 "foo"
          TOKEN_COLON@58..59 ":"
          TOKEN_SPACE@59..60 " "
          NODE_TYPE@60..64
            TOKEN_KW_BOOL@60..64 "bool"
          TOKEN_EOL@64..65 "\n"
        TOKEN_EOL@65..66 "\n"
        TOKEN_SPACE@66..70 "    "
        NODE_TYPE_FIELD@70..130
          NODE_PROLOGUE@70..118
            TOKEN_DOC_COMMENT@70..90 "/// More doc comment"
            TOKEN_EOL@90..91 "\n"
            TOKEN_SPACE@91..95 "    "
            NODE_DEFAULT@95..114
              TOKEN_DECORATOR_DEFAULT@95..103 "@default"
              TOKEN_PAREN_LEFT@103..104 "("
              NODE_VALUE@104..112
                TOKEN_STRING@104..112 "\"foobar\""
              TOKEN_PAREN_RIGHT@112..113 ")"
              TOKEN_EOL@113..114 "\n"
            TOKEN_SPACE@114..118 "    "
          NODE_NAME@118..121
            TOKEN_IDENTIFIER@118..121 "bar"
          TOKEN_COLON@121..122 ":"
          TOKEN_SPACE@122..123 " "
          NODE_TYPE@123..129
            TOKEN_KW_STRING@123..129 "string"
          TOKEN_EOL@129..130 "\n"
        TOKEN_EOL@130..131 "\n"
        TOKEN_SPACE@131..135 "    "
        TOKEN_COMMENT@135..152 "// Just a comment"
        TOKEN_EOL@152..153 "\n"
        TOKEN_SPACE@153..157 "    "
        NODE_TYPE_FIELD@157..166
          NODE_NAME@157..160
            TOKEN_IDENTIFIER@157..160 "hey"
          TOKEN_COLON@160..161 ":"
          TOKEN_SPACE@161..162 " "
          NODE_TYPE@162..165
            TOKEN_KW_I32@162..165 "i32"
          TOKEN_EOL@165..166 "\n"
        TOKEN_EOL@166..167 "\n"
        TOKEN_SPACE@167..171 "    "
        NODE_TYPE_FIELD@171..232
          NODE_NAME@171..174
            TOKEN_IDENTIFIER@171..174 "hoy"
          TOKEN_COLON@174..175 ":"
          TOKEN_SPACE@175..176 " "
          NODE_TYPE@176..231
            NODE_TYPE_RECORD@176..231
              TOKEN_KW_REC@176..179 "rec"
              TOKEN_SPACE@179..180 " "
              TOKEN_CURLY_LEFT@180..181 "{"
              TOKEN_EOL@181..182 "\n"
              TOKEN_SPACE@182..190 "        "
              NODE_TYPE_FIELD@190..226
                NODE_PROLOGUE@190..213
                  NODE_DEFAULT@190..205
                    TOKEN_DECORATOR_DEFAULT@190..198 "@default"
                    TOKEN_PAREN_LEFT@198..199 "("
                    NODE_VALUE@199..203
                      NODE_BOOL_VALUE@199..203
                        TOKEN_KW_TRUE@199..203 "true"
                    TOKEN_PAREN_RIGHT@203..204 ")"
                    TOKEN_EOL@204..205 "\n"
                  TOKEN_SPACE@205..213 "        "
                NODE_NAME@213..219
                  TOKEN_IDENTIFIER@213..219 "nested"
                TOKEN_COLON@219..220 ":"
                TOKEN_SPACE@220..221 " "
                NODE_TYPE@221..225
                  TOKEN_KW_BOOL@221..225 "bool"
                TOKEN_EOL@225..226 "\n"
              TOKEN_SPACE@226..230 "    "
              TOKEN_CURLY_RIGHT@230..231 "}"
          TOKEN_EOL@231..232 "\n"
        TOKEN_CURLY_RIGHT@232..233 "}"
    TOKEN_EOL@233..234 "\n"
  TOKEN_EOL@234..235 "\n"
  TOKEN_COMMENT@235..252 "// Invalid record"
  TOKEN_EOL@252..253 "\n"
  NODE_TYPE_DEF@253..268
    TOKEN_KW_TYPE@253..257 "type"
    TOKEN_SPACE@257..258 " "
    NODE_NAME@258..261
      TOKEN_IDENTIFIER@258..261 "Bar"
    TOKEN_COLON@261..262 ":"
    TOKEN_SPACE@262..263 " "
    NODE_TYPE@263..268
      NODE_TYPE_RECORD@263..268
        TOKEN_KW_REC@263..266 "rec"
        TOKEN_CURLY_LEFT@266..267 "{"
        TOKEN_EOL@267..268 "\n"
