---
source: syntax/parser/types.rs
expression: res.reports
---
[
    Report {
        severity: Error,
        title: "unexpected `@default`",
        labels: [
            Label {
                style: Primary,
                message: "unexpected `@default`",
                span: Span {
                    start: 59,
                    end: 85,
                },
            },
        ],
        note: None,
    },
    Report {
        severity: Error,
        title: "expected new line, found `}`",
        labels: [
            Label {
                style: Primary,
                message: "unexpected token",
                span: Span {
                    start: 165,
                    end: 166,
                },
            },
        ],
        note: None,
    },
]
