---
source: syntax/parser/types.rs
expression: res.reports
---
[
    Report {
        severity: Error,
        title: "expected type, found `]`",
        label: Some(
            Label {
                message: "expected type",
                span: Span {
                    start: 72,
                    end: 73,
                },
            },
        ),
        note: None,
    },
    Report {
        severity: Error,
        title: "expected type, found new line",
        label: Some(
            Label {
                message: "expected type",
                span: Span {
                    start: 92,
                    end: 93,
                },
            },
        ),
        note: None,
    },
    Report {
        severity: Error,
        title: "expected `]`, found new line",
        label: Some(
            Label {
                message: "unexpected token",
                span: Span {
                    start: 92,
                    end: 93,
                },
            },
        ),
        note: None,
    },
    Report {
        severity: Error,
        title: "unexpected token `]`",
        label: Some(
            Label {
                message: "unexpected token",
                span: Span {
                    start: 94,
                    end: 95,
                },
            },
        ),
        note: None,
    },
]
