---
source: syntax/tokenizer.rs
expression: tokens
---
[
    (
        TOKEN_KW_GET,
        "GET",
    ),
    (
        TOKEN_EOL,
        "\n",
    ),
    (
        TOKEN_KW_POST,
        "POST",
    ),
    (
        TOKEN_EOL,
        "\n",
    ),
    (
        TOKEN_KW_PUT,
        "PUT",
    ),
    (
        TOKEN_EOL,
        "\n",
    ),
    (
        TOKEN_KW_DELETE,
        "DELETE",
    ),
    (
        TOKEN_EOL,
        "\n",
    ),
    (
        TOKEN_KW_PATCH,
        "PATCH",
    ),
    (
        TOKEN_EOL,
        "\n",
    ),
    (
        TOKEN_KW_TRUE,
        "true",
    ),
    (
        TOKEN_EOL,
        "\n",
    ),
    (
        TOKEN_KW_FALSE,
        "false",
    ),
    (
        TOKEN_EOL,
        "\n",
    ),
    (
        TOKEN_IDENTIFIER,
        "this_is_Ident213-890asdf",
    ),
    (
        TOKEN_EOL,
        "\n",
    ),
    (
        TOKEN_KW_I32,
        "i32",
    ),
    (
        TOKEN_EOL,
        "\n",
    ),
    (
        TOKEN_KW_I64,
        "i64",
    ),
    (
        TOKEN_EOL,
        "\n",
    ),
    (
        TOKEN_KW_F32,
        "f32",
    ),
    (
        TOKEN_EOL,
        "\n",
    ),
    (
        TOKEN_KW_F64,
        "f64",
    ),
    (
        TOKEN_EOL,
        "\n",
    ),
    (
        TOKEN_KW_U32,
        "u32",
    ),
    (
        TOKEN_EOL,
        "\n",
    ),
    (
        TOKEN_KW_U64,
        "u64",
    ),
    (
        TOKEN_EOL,
        "\n",
    ),
    (
        TOKEN_KW_DATE,
        "date",
    ),
    (
        TOKEN_EOL,
        "\n",
    ),
    (
        TOKEN_KW_TIMESTAMP,
        "timestamp",
    ),
    (
        TOKEN_EOL,
        "\n",
    ),
    (
        TOKEN_KW_BOOL,
        "bool",
    ),
    (
        TOKEN_EOL,
        "\n",
    ),
    (
        TOKEN_KW_STRING,
        "string",
    ),
    (
        TOKEN_EOL,
        "\n",
    ),
    (
        TOKEN_KW_FILE,
        "file",
    ),
    (
        TOKEN_EOL,
        "\n",
    ),
    (
        TOKEN_KW_ON,
        "on",
    ),
    (
        TOKEN_EOL,
        "\n",
    ),
    (
        TOKEN_KW_DEFAULT,
        "default",
    ),
    (
        TOKEN_EOL,
        "\n",
    ),
    (
        TOKEN_KW_FOR,
        "for",
    ),
    (
        TOKEN_EOL,
        "\n",
    ),
    (
        TOKEN_KW_ROUTE,
        "route",
    ),
    (
        TOKEN_EOL,
        "\n",
    ),
]
