---
source: syntax/tokenizer.rs
expression: tokens
---
[
    (
        TOKEN_KW_TYPE,
        "type",
    ),
    (
        TOKEN_SPACE,
        " ",
    ),
    (
        TOKEN_IDENTIFIER,
        "Foo",
    ),
    (
        TOKEN_COLON,
        ":",
    ),
    (
        TOKEN_SPACE,
        " ",
    ),
    (
        TOKEN_KW_REC,
        "rec",
    ),
    (
        TOKEN_SPACE,
        " ",
    ),
    (
        TOKEN_CURLY_LEFT,
        "{",
    ),
    (
        TOKEN_CURLY_RIGHT,
        "}",
    ),
    (
        TOKEN_EOL,
        "\n",
    ),
    (
        TOKEN_KW_TYPE,
        "type",
    ),
    (
        TOKEN_SPACE,
        " ",
    ),
    (
        TOKEN_IDENTIFIER,
        "Foo",
    ),
    (
        TOKEN_COLON,
        ":",
    ),
    (
        TOKEN_SPACE,
        " ",
    ),
    (
        TOKEN_KW_ENUM,
        "enum",
    ),
    (
        TOKEN_PAREN_LEFT,
        "(",
    ),
    (
        TOKEN_KW_STRING,
        "string",
    ),
    (
        TOKEN_PAREN_RIGHT,
        ")",
    ),
    (
        TOKEN_SPACE,
        " ",
    ),
    (
        TOKEN_CURLY_LEFT,
        "{",
    ),
    (
        TOKEN_CURLY_RIGHT,
        "}",
    ),
    (
        TOKEN_EOL,
        "\n",
    ),
    (
        TOKEN_KW_TYPE,
        "type",
    ),
    (
        TOKEN_SPACE,
        " ",
    ),
    (
        TOKEN_IDENTIFIER,
        "Foo",
    ),
    (
        TOKEN_COLON,
        ":",
    ),
    (
        TOKEN_SPACE,
        " ",
    ),
    (
        TOKEN_KW_UNION,
        "union",
    ),
    (
        TOKEN_PAREN_LEFT,
        "(",
    ),
    (
        TOKEN_STRING,
        "\"type\"",
    ),
    (
        TOKEN_PAREN_RIGHT,
        ")",
    ),
    (
        TOKEN_SPACE,
        " ",
    ),
    (
        TOKEN_CURLY_LEFT,
        "{",
    ),
    (
        TOKEN_CURLY_RIGHT,
        "}",
    ),
    (
        TOKEN_EOL,
        "\n",
    ),
    (
        TOKEN_KW_TYPE,
        "type",
    ),
    (
        TOKEN_SPACE,
        " ",
    ),
    (
        TOKEN_IDENTIFIER,
        "Foo",
    ),
    (
        TOKEN_COLON,
        ":",
    ),
    (
        TOKEN_SPACE,
        " ",
    ),
    (
        TOKEN_KW_RESP,
        "resp",
    ),
    (
        TOKEN_SPACE,
        " ",
    ),
    (
        TOKEN_CURLY_LEFT,
        "{",
    ),
    (
        TOKEN_CURLY_RIGHT,
        "}",
    ),
    (
        TOKEN_EOL,
        "\n",
    ),
]
