---
source: syntax/parser.rs
expression: tree
---
NODE_ROOT@0..210
  NODE_TYPE_DEF@0..31
    NODE_PROLOGUE@0..17
      TOKEN_DOC_COMMENT@0..16 "/// Doc comment "
      TOKEN_EOL@16..17 "\n"
    TOKEN_IDENTIFIER@17..21 "type"
    TOKEN_SPACE@21..22 " "
    NODE_NAME@22..25
      TOKEN_IDENTIFIER@22..25 "Foo"
    TOKEN_COLON@25..26 ":"
    TOKEN_SPACE@26..27 " "
    NODE_TYPE@27..30
      TOKEN_IDENTIFIER@27..30 "Bar"
    TOKEN_EOL@30..31 "\n"
  TOKEN_EOL@31..32 "\n"
  NODE_TYPE_DEF@32..49
    TOKEN_IDENTIFIER@32..36 "type"
    TOKEN_SPACE@36..37 " "
    NODE_NAME@37..40
      TOKEN_IDENTIFIER@37..40 "Str"
    TOKEN_COLON@40..41 ":"
    TOKEN_SPACE@41..42 " "
    NODE_TYPE@42..48
      TOKEN_KW_STRING@42..48 "string"
    TOKEN_EOL@48..49 "\n"
  NODE_TYPE_DEF@49..63
    TOKEN_IDENTIFIER@49..53 "type"
    TOKEN_SPACE@53..54 " "
    NODE_NAME@54..57
      TOKEN_IDENTIFIER@54..57 "I32"
    TOKEN_COLON@57..58 ":"
    TOKEN_SPACE@58..59 " "
    NODE_TYPE@59..62
      TOKEN_KW_I32@59..62 "i32"
    TOKEN_EOL@62..63 "\n"
  NODE_TYPE_DEF@63..77
    TOKEN_IDENTIFIER@63..67 "type"
    TOKEN_SPACE@67..68 " "
    NODE_NAME@68..71
      TOKEN_IDENTIFIER@68..71 "I64"
    TOKEN_COLON@71..72 ":"
    TOKEN_SPACE@72..73 " "
    NODE_TYPE@73..76
      TOKEN_KW_I64@73..76 "i64"
    TOKEN_EOL@76..77 "\n"
  NODE_TYPE_DEF@77..91
    TOKEN_IDENTIFIER@77..81 "type"
    TOKEN_SPACE@81..82 " "
    NODE_NAME@82..85
      TOKEN_IDENTIFIER@82..85 "U32"
    TOKEN_COLON@85..86 ":"
    TOKEN_SPACE@86..87 " "
    NODE_TYPE@87..90
      TOKEN_KW_U32@87..90 "u32"
    TOKEN_EOL@90..91 "\n"
  NODE_TYPE_DEF@91..105
    TOKEN_IDENTIFIER@91..95 "type"
    TOKEN_SPACE@95..96 " "
    NODE_NAME@96..99
      TOKEN_IDENTIFIER@96..99 "U64"
    TOKEN_COLON@99..100 ":"
    TOKEN_SPACE@100..101 " "
    NODE_TYPE@101..104
      TOKEN_KW_U64@101..104 "u64"
    TOKEN_EOL@104..105 "\n"
  NODE_TYPE_DEF@105..119
    TOKEN_IDENTIFIER@105..109 "type"
    TOKEN_SPACE@109..110 " "
    NODE_NAME@110..113
      TOKEN_IDENTIFIER@110..113 "F32"
    TOKEN_COLON@113..114 ":"
    TOKEN_SPACE@114..115 " "
    NODE_TYPE@115..118
      TOKEN_KW_F32@115..118 "f32"
    TOKEN_EOL@118..119 "\n"
  NODE_TYPE_DEF@119..133
    TOKEN_IDENTIFIER@119..123 "type"
    TOKEN_SPACE@123..124 " "
    NODE_NAME@124..127
      TOKEN_IDENTIFIER@124..127 "F64"
    TOKEN_COLON@127..128 ":"
    TOKEN_SPACE@128..129 " "
    NODE_TYPE@129..132
      TOKEN_KW_F64@129..132 "f64"
    TOKEN_EOL@132..133 "\n"
  NODE_TYPE_DEF@133..149
    TOKEN_IDENTIFIER@133..137 "type"
    TOKEN_SPACE@137..138 " "
    NODE_NAME@138..142
      TOKEN_IDENTIFIER@138..142 "Date"
    TOKEN_COLON@142..143 ":"
    TOKEN_SPACE@143..144 " "
    NODE_TYPE@144..148
      TOKEN_KW_DATE@144..148 "date"
    TOKEN_EOL@148..149 "\n"
  NODE_TYPE_DEF@149..175
    TOKEN_IDENTIFIER@149..153 "type"
    TOKEN_SPACE@153..154 " "
    NODE_NAME@154..163
      TOKEN_IDENTIFIER@154..163 "TimeStamp"
    TOKEN_COLON@163..164 ":"
    TOKEN_SPACE@164..165 " "
    NODE_TYPE@165..174
      TOKEN_KW_TIMESTAMP@165..174 "timestamp"
    TOKEN_EOL@174..175 "\n"
  NODE_TYPE_DEF@175..194
    TOKEN_IDENTIFIER@175..179 "type"
    TOKEN_SPACE@179..180 " "
    NODE_NAME@180..187
      TOKEN_IDENTIFIER@180..187 "Boolean"
    TOKEN_COLON@187..188 ":"
    TOKEN_SPACE@188..189 " "
    NODE_TYPE@189..193
      TOKEN_KW_BOOL@189..193 "bool"
    TOKEN_EOL@193..194 "\n"
  NODE_TYPE_DEF@194..210
    TOKEN_IDENTIFIER@194..198 "type"
    TOKEN_SPACE@198..199 " "
    NODE_NAME@199..203
      TOKEN_IDENTIFIER@199..203 "File"
    TOKEN_COLON@203..204 ":"
    TOKEN_SPACE@204..205 " "
    NODE_TYPE@205..209
      TOKEN_KW_FILE@205..209 "file"
    TOKEN_EOL@209..210 "\n"
