---
source: syntax/parser.rs
expression: tree
---
NODE_ROOT@0..59
  NODE_SERVER@0..59
    NODE_PROLOGUE@0..16
      TOKEN_DOC_COMMENT@0..15 "/// doc comment"
      TOKEN_EOL@15..16 "\n"
    TOKEN_IDENTIFIER@16..22 "server"
    TOKEN_COLON@22..23 ":"
    TOKEN_SPACE@23..24 " "
    NODE_VALUE@24..58
      NODE_OBJECT@24..58
        TOKEN_CURLY_LEFT@24..25 "{"
        TOKEN_EOL@25..26 "\n"
        TOKEN_SPACE@26..30 "    "
        NODE_OBJECT_FIELD@30..42
          NODE_NAME@30..34
            TOKEN_IDENTIFIER@30..34 "name"
          TOKEN_COLON@34..35 ":"
          TOKEN_SPACE@35..36 " "
          NODE_VALUE@36..41
            TOKEN_STRING@36..41 "\"foo\""
          TOKEN_EOL@41..42 "\n"
        TOKEN_SPACE@42..46 "    "
        NODE_OBJECT_FIELD@46..57
          NODE_NAME@46..49
            TOKEN_IDENTIFIER@46..49 "url"
          TOKEN_COLON@49..50 ":"
          TOKEN_SPACE@50..51 " "
          NODE_VALUE@51..56
            TOKEN_STRING@51..56 "\"bar\""
          TOKEN_EOL@56..57 "\n"
        TOKEN_CURLY_RIGHT@57..58 "}"
    TOKEN_EOL@58..59 "\n"
