---
source: semantics/oracle/metadata.rs
expression: oracle.reports()
---
[
    Report {
        severity: Error,
        title: "repeated `version` directive",
        labels: [
            Label {
                style: Primary,
                message: "repeated `version` directive",
                span: Span {
                    start: 27,
                    end: 39,
                },
            },
        ],
        note: Some(
            "help: provide only one `version`",
        ),
    },
    Report {
        severity: Error,
        title: "`version` must be a string, got integer",
        labels: [
            Label {
                style: Primary,
                message: "expected a string",
                span: Span {
                    start: 36,
                    end: 38,
                },
            },
        ],
        note: None,
    },
    Report {
        severity: Error,
        title: "repeated `name` directive",
        labels: [
            Label {
                style: Primary,
                message: "repeated `name` directive",
                span: Span {
                    start: 61,
                    end: 73,
                },
            },
        ],
        note: Some(
            "help: provide only one `name`",
        ),
    },
    Report {
        severity: Error,
        title: "`name` must be a string, got bool",
        labels: [
            Label {
                style: Primary,
                message: "expected a string",
                span: Span {
                    start: 67,
                    end: 72,
                },
            },
        ],
        note: None,
    },
    Report {
        severity: Error,
        title: "repeated `betterApi` directive",
        labels: [
            Label {
                style: Primary,
                message: "repeated `betterApi` directive",
                span: Span {
                    start: 113,
                    end: 129,
                },
            },
        ],
        note: Some(
            "help: provide only one `betterApi`",
        ),
    },
    Report {
        severity: Error,
        title: "`betterApi` must be a string, got float",
        labels: [
            Label {
                style: Primary,
                message: "expected a string",
                span: Span {
                    start: 124,
                    end: 128,
                },
            },
        ],
        note: None,
    },
]
